// Jest Snapshot v1, https://goo.gl/fbAQLP

exports[`Sub Subのスナップショット 1`] = `
<DocumentFragment>
  <div
    class="l-page sub"
  >
    <h1>
       のページ
    </h1>
    <p>
      ここへページの内容を表示
    </p>
    <div
      class="menu"
    >
      <button
        class="button --basic"
        type="button"
      >
        HOMEへ移動
      </button>
    </div>
    <hr />
    <div
      class="field"
    >
      <p>
        文字をinputで書き換えられます
      </p>
      <p
        class="preview"
      >
        ダミーテキスト
      </p>
      <input
        placeholder="更新ボタンで入力した文字が表示されます"
        type="text"
      />
      <button
        class="button --basic"
        type="button"
      >
        更新
      </button>
    </div>
  </div>
</DocumentFragment>
`;
